<?xml version="1.0" encoding="utf-8"?><testsuites name="pytest tests"><testsuite name="pytest" errors="0" failures="0" skipped="0" tests="23" time="3.140" timestamp="2025-12-09T10:09:23.123862+08:00" hostname="DESKTOP-AK6DEEP"><testcase classname="tests.test_runtime.TestDependencyImports" name="test_numpy_import" time="0.151" /><testcase classname="tests.test_runtime.TestDependencyImports" name="test_pandas_import" time="0.557" /><testcase classname="tests.test_runtime.TestDependencyImports" name="test_scipy_import" time="0.013" /><testcase classname="tests.test_runtime.TestDependencyImports" name="test_matplotlib_import" time="0.143" /><testcase classname="tests.test_runtime.TestDependencyImports" name="test_fastapi_import" time="0.532" /><testcase classname="tests.test_runtime.TestDependencyImports" name="test_uvicorn_import" time="0.069" /><testcase classname="tests.test_runtime.TestDependencyImports" name="test_pydantic_import" time="0.001" /><testcase classname="tests.test_runtime.TestNumpyFunctionality" name="test_numpy_array_creation" time="0.001" /><testcase classname="tests.test_runtime.TestNumpyFunctionality" name="test_numpy_linear_algebra" time="0.001" /><testcase classname="tests.test_runtime.TestNumpyFunctionality" name="test_numpy_random" time="0.001" /><testcase classname="tests.test_runtime.TestPandasFunctionality" name="test_dataframe_creation" time="0.001" /><testcase classname="tests.test_runtime.TestPandasFunctionality" name="test_dataframe_groupby" time="0.003" /><testcase classname="tests.test_runtime.TestPandasFunctionality" name="test_dataframe_filtering" time="0.001" /><testcase classname="tests.test_runtime.TestSciPyFunctionality" name="test_scipy_optimize" time="0.817" /><testcase classname="tests.test_runtime.TestSciPyFunctionality" name="test_scipy_stats" time="0.404" /><testcase classname="tests.test_runtime.TestMatplotlibFunctionality" name="test_matplotlib_import_backend" time="0.331" /><testcase classname="tests.test_runtime.TestMatplotlibFunctionality" name="test_matplotlib_plotting" time="0.006" /><testcase classname="tests.test_runtime.TestFastAPIFunctionality" name="test_fastapi_app_creation" time="0.001" /><testcase classname="tests.test_runtime.TestFastAPIFunctionality" name="test_fastapi_route_decorator" time="0.001" /><testcase classname="tests.test_runtime.TestFastAPIFunctionality" name="test_pydantic_basemodel" time="0.001" /><testcase classname="tests.test_runtime.TestPytestIntegration" name="test_pytest_version" time="0.001" /><testcase classname="tests.test_runtime.TestPytestIntegration" name="test_pytest_fixtures" time="0.001" /><testcase classname="tests.test_runtime.TestPythonVersion" name="test_python_version_minimum" time="0.001" /></testsuite></testsuites>